// Jest Snapshot v1, https://goo.gl/fbAQLP

exports[`Components > Login should matches snapshot 1`] = `
<div>
  <h1>
    Login
  </h1>
   
  <div>
    <label>
      Username:
    </label>
     
    <input
      type="text"
    />
  </div>
   
  <div>
    <label>
      password:
    </label>
     
    <input
      autocomplete="new-password"
      type="password"
    />
  </div>
   
  <button>
    Login
  </button>
</div>
`;
